// Jest Snapshot v1, https://goo.gl/fbAQLP

exports[`matches the snapshot 1`] = `
<DocumentFragment>
  <button>
    Draw A Card!
  </button>
  <button>
    Reshuffle!
  </button>
  <div
    class="cardArea"
  />
</DocumentFragment>
`;
